// Jest Snapshot v1, https://goo.gl/fbAQLP

exports[`should match snapshot 1`] = `
ShallowWrapper {
  Symbol(enzyme.__root__): [Circular],
  Symbol(enzyme.__unrendered__): <Intro
    onSubmitIntro={[Function]}
  />,
  Symbol(enzyme.__renderer__): Object {
    "batchedUpdates": [Function],
    "getNode": [Function],
    "render": [Function],
    "simulateError": [Function],
    "simulateEvent": [Function],
    "unmount": [Function],
  },
  Symbol(enzyme.__node__): Object {
    "instance": null,
    "key": undefined,
    "nodeType": "host",
    "props": Object {
      "children": Array [
        <div
          className="intro-text"
        >
          Lorem ipsum dolor sit amet, consectetur adipiscing elit. Aliquam lacinia nunc elementum mauris porttitor, eu ultricies lectus maximus. Etiam in felis ut mauris porta consequat. Maecenas eget orci in purus tempor tincidunt id placerat justo. Suspendisse facilisis, lacus in lacinia varius, ex neque ornare mauris, eget molestie metus felis eget ligula. Mauris sem mi, pellentesque quis massa vitae, eleifend ullamcorper dolor. Donec sit amet faucibus nunc. Vivamus ipsum odio, pretium sit amet erat sagittis, pretium pulvinar libero. Curabitur eleifend non mi at cursus. Nam vitae ligula vel felis consectetur maximus ac quis nunc. Suspendisse potenti. Nam vestibulum massa non ante ornare consectetur.

Nulla nisi elit, lobortis et sagittis quis, pulvinar vel nisi. Nam dictum, nulla vel malesuada bibendum, neque nisl aliquet dolor, non rhoncus felis neque ut arcu. Sed suscipit iaculis ex ac fringilla. Nulla tincidunt magna vel nibh aliquam ornare. Curabitur tempus sem enim, at dapibus enim viverra nec. Mauris non porta lorem. Sed id est non lorem sagittis dignissim vel at est. Etiam orci tellus, dapibus elementum eros quis, pulvinar mattis arcu. Aliquam sollicitudin massa eu ipsum luctus, vitae eleifend purus vestibulum. Class aptent taciti sociosqu ad litora torquent per conubia nostra, per inceptos himenaeos. Sed lacinia erat at ligula facilisis, eu accumsan turpis luctus. Donec sollicitudin odio sit amet eros tempor, sit amet ullamcorper elit venenatis.
        </div>,
        <div
          className="intro-submit"
        >
          <button
            className="btn btn-primary"
            onClick={[Function]}
            type="button"
          >
            OK
          </button>
        </div>,
      ],
      "className": "intro",
    },
    "ref": null,
    "rendered": Array [
      Object {
        "instance": null,
        "key": undefined,
        "nodeType": "host",
        "props": Object {
          "children": "Lorem ipsum dolor sit amet, consectetur adipiscing elit. Aliquam lacinia nunc elementum mauris porttitor, eu ultricies lectus maximus. Etiam in felis ut mauris porta consequat. Maecenas eget orci in purus tempor tincidunt id placerat justo. Suspendisse facilisis, lacus in lacinia varius, ex neque ornare mauris, eget molestie metus felis eget ligula. Mauris sem mi, pellentesque quis massa vitae, eleifend ullamcorper dolor. Donec sit amet faucibus nunc. Vivamus ipsum odio, pretium sit amet erat sagittis, pretium pulvinar libero. Curabitur eleifend non mi at cursus. Nam vitae ligula vel felis consectetur maximus ac quis nunc. Suspendisse potenti. Nam vestibulum massa non ante ornare consectetur.

Nulla nisi elit, lobortis et sagittis quis, pulvinar vel nisi. Nam dictum, nulla vel malesuada bibendum, neque nisl aliquet dolor, non rhoncus felis neque ut arcu. Sed suscipit iaculis ex ac fringilla. Nulla tincidunt magna vel nibh aliquam ornare. Curabitur tempus sem enim, at dapibus enim viverra nec. Mauris non porta lorem. Sed id est non lorem sagittis dignissim vel at est. Etiam orci tellus, dapibus elementum eros quis, pulvinar mattis arcu. Aliquam sollicitudin massa eu ipsum luctus, vitae eleifend purus vestibulum. Class aptent taciti sociosqu ad litora torquent per conubia nostra, per inceptos himenaeos. Sed lacinia erat at ligula facilisis, eu accumsan turpis luctus. Donec sollicitudin odio sit amet eros tempor, sit amet ullamcorper elit venenatis.",
          "className": "intro-text",
        },
        "ref": null,
        "rendered": "Lorem ipsum dolor sit amet, consectetur adipiscing elit. Aliquam lacinia nunc elementum mauris porttitor, eu ultricies lectus maximus. Etiam in felis ut mauris porta consequat. Maecenas eget orci in purus tempor tincidunt id placerat justo. Suspendisse facilisis, lacus in lacinia varius, ex neque ornare mauris, eget molestie metus felis eget ligula. Mauris sem mi, pellentesque quis massa vitae, eleifend ullamcorper dolor. Donec sit amet faucibus nunc. Vivamus ipsum odio, pretium sit amet erat sagittis, pretium pulvinar libero. Curabitur eleifend non mi at cursus. Nam vitae ligula vel felis consectetur maximus ac quis nunc. Suspendisse potenti. Nam vestibulum massa non ante ornare consectetur.

Nulla nisi elit, lobortis et sagittis quis, pulvinar vel nisi. Nam dictum, nulla vel malesuada bibendum, neque nisl aliquet dolor, non rhoncus felis neque ut arcu. Sed suscipit iaculis ex ac fringilla. Nulla tincidunt magna vel nibh aliquam ornare. Curabitur tempus sem enim, at dapibus enim viverra nec. Mauris non porta lorem. Sed id est non lorem sagittis dignissim vel at est. Etiam orci tellus, dapibus elementum eros quis, pulvinar mattis arcu. Aliquam sollicitudin massa eu ipsum luctus, vitae eleifend purus vestibulum. Class aptent taciti sociosqu ad litora torquent per conubia nostra, per inceptos himenaeos. Sed lacinia erat at ligula facilisis, eu accumsan turpis luctus. Donec sollicitudin odio sit amet eros tempor, sit amet ullamcorper elit venenatis.",
        "type": "div",
      },
      Object {
        "instance": null,
        "key": undefined,
        "nodeType": "host",
        "props": Object {
          "children": <button
            className="btn btn-primary"
            onClick={[Function]}
            type="button"
          >
            OK
          </button>,
          "className": "intro-submit",
        },
        "ref": null,
        "rendered": Object {
          "instance": null,
          "key": undefined,
          "nodeType": "host",
          "props": Object {
            "children": "OK",
            "className": "btn btn-primary",
            "onClick": [Function],
            "type": "button",
          },
          "ref": null,
          "rendered": "OK",
          "type": "button",
        },
        "type": "div",
      },
    ],
    "type": "div",
  },
  Symbol(enzyme.__nodes__): Array [
    Object {
      "instance": null,
      "key": undefined,
      "nodeType": "host",
      "props": Object {
        "children": Array [
          <div
            className="intro-text"
          >
            Lorem ipsum dolor sit amet, consectetur adipiscing elit. Aliquam lacinia nunc elementum mauris porttitor, eu ultricies lectus maximus. Etiam in felis ut mauris porta consequat. Maecenas eget orci in purus tempor tincidunt id placerat justo. Suspendisse facilisis, lacus in lacinia varius, ex neque ornare mauris, eget molestie metus felis eget ligula. Mauris sem mi, pellentesque quis massa vitae, eleifend ullamcorper dolor. Donec sit amet faucibus nunc. Vivamus ipsum odio, pretium sit amet erat sagittis, pretium pulvinar libero. Curabitur eleifend non mi at cursus. Nam vitae ligula vel felis consectetur maximus ac quis nunc. Suspendisse potenti. Nam vestibulum massa non ante ornare consectetur.

Nulla nisi elit, lobortis et sagittis quis, pulvinar vel nisi. Nam dictum, nulla vel malesuada bibendum, neque nisl aliquet dolor, non rhoncus felis neque ut arcu. Sed suscipit iaculis ex ac fringilla. Nulla tincidunt magna vel nibh aliquam ornare. Curabitur tempus sem enim, at dapibus enim viverra nec. Mauris non porta lorem. Sed id est non lorem sagittis dignissim vel at est. Etiam orci tellus, dapibus elementum eros quis, pulvinar mattis arcu. Aliquam sollicitudin massa eu ipsum luctus, vitae eleifend purus vestibulum. Class aptent taciti sociosqu ad litora torquent per conubia nostra, per inceptos himenaeos. Sed lacinia erat at ligula facilisis, eu accumsan turpis luctus. Donec sollicitudin odio sit amet eros tempor, sit amet ullamcorper elit venenatis.
          </div>,
          <div
            className="intro-submit"
          >
            <button
              className="btn btn-primary"
              onClick={[Function]}
              type="button"
            >
              OK
            </button>
          </div>,
        ],
        "className": "intro",
      },
      "ref": null,
      "rendered": Array [
        Object {
          "instance": null,
          "key": undefined,
          "nodeType": "host",
          "props": Object {
            "children": "Lorem ipsum dolor sit amet, consectetur adipiscing elit. Aliquam lacinia nunc elementum mauris porttitor, eu ultricies lectus maximus. Etiam in felis ut mauris porta consequat. Maecenas eget orci in purus tempor tincidunt id placerat justo. Suspendisse facilisis, lacus in lacinia varius, ex neque ornare mauris, eget molestie metus felis eget ligula. Mauris sem mi, pellentesque quis massa vitae, eleifend ullamcorper dolor. Donec sit amet faucibus nunc. Vivamus ipsum odio, pretium sit amet erat sagittis, pretium pulvinar libero. Curabitur eleifend non mi at cursus. Nam vitae ligula vel felis consectetur maximus ac quis nunc. Suspendisse potenti. Nam vestibulum massa non ante ornare consectetur.

Nulla nisi elit, lobortis et sagittis quis, pulvinar vel nisi. Nam dictum, nulla vel malesuada bibendum, neque nisl aliquet dolor, non rhoncus felis neque ut arcu. Sed suscipit iaculis ex ac fringilla. Nulla tincidunt magna vel nibh aliquam ornare. Curabitur tempus sem enim, at dapibus enim viverra nec. Mauris non porta lorem. Sed id est non lorem sagittis dignissim vel at est. Etiam orci tellus, dapibus elementum eros quis, pulvinar mattis arcu. Aliquam sollicitudin massa eu ipsum luctus, vitae eleifend purus vestibulum. Class aptent taciti sociosqu ad litora torquent per conubia nostra, per inceptos himenaeos. Sed lacinia erat at ligula facilisis, eu accumsan turpis luctus. Donec sollicitudin odio sit amet eros tempor, sit amet ullamcorper elit venenatis.",
            "className": "intro-text",
          },
          "ref": null,
          "rendered": "Lorem ipsum dolor sit amet, consectetur adipiscing elit. Aliquam lacinia nunc elementum mauris porttitor, eu ultricies lectus maximus. Etiam in felis ut mauris porta consequat. Maecenas eget orci in purus tempor tincidunt id placerat justo. Suspendisse facilisis, lacus in lacinia varius, ex neque ornare mauris, eget molestie metus felis eget ligula. Mauris sem mi, pellentesque quis massa vitae, eleifend ullamcorper dolor. Donec sit amet faucibus nunc. Vivamus ipsum odio, pretium sit amet erat sagittis, pretium pulvinar libero. Curabitur eleifend non mi at cursus. Nam vitae ligula vel felis consectetur maximus ac quis nunc. Suspendisse potenti. Nam vestibulum massa non ante ornare consectetur.

Nulla nisi elit, lobortis et sagittis quis, pulvinar vel nisi. Nam dictum, nulla vel malesuada bibendum, neque nisl aliquet dolor, non rhoncus felis neque ut arcu. Sed suscipit iaculis ex ac fringilla. Nulla tincidunt magna vel nibh aliquam ornare. Curabitur tempus sem enim, at dapibus enim viverra nec. Mauris non porta lorem. Sed id est non lorem sagittis dignissim vel at est. Etiam orci tellus, dapibus elementum eros quis, pulvinar mattis arcu. Aliquam sollicitudin massa eu ipsum luctus, vitae eleifend purus vestibulum. Class aptent taciti sociosqu ad litora torquent per conubia nostra, per inceptos himenaeos. Sed lacinia erat at ligula facilisis, eu accumsan turpis luctus. Donec sollicitudin odio sit amet eros tempor, sit amet ullamcorper elit venenatis.",
          "type": "div",
        },
        Object {
          "instance": null,
          "key": undefined,
          "nodeType": "host",
          "props": Object {
            "children": <button
              className="btn btn-primary"
              onClick={[Function]}
              type="button"
            >
              OK
            </button>,
            "className": "intro-submit",
          },
          "ref": null,
          "rendered": Object {
            "instance": null,
            "key": undefined,
            "nodeType": "host",
            "props": Object {
              "children": "OK",
              "className": "btn btn-primary",
              "onClick": [Function],
              "type": "button",
            },
            "ref": null,
            "rendered": "OK",
            "type": "button",
          },
          "type": "div",
        },
      ],
      "type": "div",
    },
  ],
  Symbol(enzyme.__options__): Object {
    "adapter": ReactSixteenAdapter {
      "options": Object {
        "enableComponentDidUpdateOnSetState": true,
        "lifecycles": Object {
          "componentDidUpdate": Object {
            "onSetState": true,
          },
          "getDerivedStateFromProps": true,
          "getSnapshotBeforeUpdate": true,
          "setState": Object {
            "skipsComponentDidUpdateOnNullish": true,
          },
        },
      },
    },
  },
}
`;
